[debug] [2026-03-24T10:24:22.000Z] ----------------------------------------------------------------------
[debug] [2026-03-24T10:24:22.011Z] Command:       C:\Program Files\nodejs\node.exe C:\Users\Administrator\AppData\Roaming\npm\node_modules\firebase-tools\lib\bin\firebase.js init
[debug] [2026-03-24T10:24:22.012Z] CLI Version:   15.11.0
[debug] [2026-03-24T10:24:22.012Z] Platform:      win32
[debug] [2026-03-24T10:24:22.012Z] Node Version:  v25.2.1
[debug] [2026-03-24T10:24:22.013Z] Time:          Tue Mar 24 2026 18:24:22 GMT+0800 (GMT+08:00)
[debug] [2026-03-24T10:24:22.013Z] ----------------------------------------------------------------------
[debug] 
[debug] [2026-03-24T10:24:22.018Z] >>> [apiv2][query] GET https://firebase-public.firebaseio.com/cli.json [none]
[info] 
     ######## #### ########  ######## ########     ###     ######  ########
     ##        ##  ##     ## ##       ##     ##  ##   ##  ##       ##
     ######    ##  ########  ######   ########  #########  ######  ######
     ##        ##  ##    ##  ##       ##     ## ##     ##       ## ##
     ##       #### ##     ## ######## ########  ##     ##  ######  ########

You're about to initialize a Firebase project in this directory:

  D:\我的资料\APP资料\智盈AI

[debug] [2026-03-24T10:24:28.284Z] <<< [apiv2][status] GET https://firebase-public.firebaseio.com/cli.json 200
[debug] [2026-03-24T10:24:28.284Z] <<< [apiv2][body] GET https://firebase-public.firebaseio.com/cli.json {"cloudBuildErrorAfter":1594252800000,"cloudBuildWarnAfter":1590019200000,"defaultNode10After":1594252800000,"minVersion":"3.0.5","node8DeploysDisabledAfter":1613390400000,"node8RuntimeDisabledAfter":1615809600000,"node8WarnAfter":1600128000000}
[warn] !  Unable to fetch the CLI MOTD and remote config. This is not a fatal error, but may indicate an issue with your network connection. 
[debug] [2026-03-24T10:24:28.288Z] Failed to fetch MOTD Error: EPERM: operation not permitted, open 'C:\Users\Administrator\.config\configstore\firebase-tools.json.1953515024'
